[INFO] Scanning for projects...
[INFO] 
[INFO] ------------------< com.gamestock:gamestock-backend >-------------------
[INFO] Building GameStock Backend 0.1.0
[INFO]   from pom.xml
[INFO] --------------------------------[ jar ]---------------------------------
[INFO] 
[INFO] >>> spring-boot:3.5.16:run (default-cli) > test-compile @ gamestock-backend >>>
[INFO] 
[INFO] --- resources:3.3.1:resources (default-resources) @ gamestock-backend ---
[INFO] Copying 1 resource from src\main\resources to target\classes
[INFO] Copying 0 resource from src\main\resources to target\classes
[INFO] 
[INFO] --- compiler:3.14.1:compile (default-compile) @ gamestock-backend ---
[INFO] Nothing to compile - all classes are up to date.
[INFO] 
[INFO] --- resources:3.3.1:testResources (default-testResources) @ gamestock-backend ---
[INFO] skip non existing resourceDirectory C:\Users\wizju\Desktop\학교 수업\3학년\2학기\GameStock\backend\src\test\resources
[INFO] 
[INFO] --- compiler:3.14.1:testCompile (default-testCompile) @ gamestock-backend ---
[INFO] No sources to compile
[INFO] 
[INFO] <<< spring-boot:3.5.16:run (default-cli) < test-compile @ gamestock-backend <<<
[INFO] 
[INFO] 
[INFO] --- spring-boot:3.5.16:run (default-cli) @ gamestock-backend ---
[INFO] Attaching agents: []

  .   ____          _            __ _ _
 /\\ / ___'_ __ _ _(_)_ __  __ _ \ \ \ \
( ( )\___ | '_ | '_| | '_ \/ _` | \ \ \ \
 \\/  ___)| |_)| | | | | || (_| |  ) ) ) )
  '  |____| .__|_| |_|_| |_\__, | / / / /
 =========|_|==============|___/=/_/_/_/

 :: Spring Boot ::               (v3.5.16)

2026-09-08T01:41:37.777+09:00  INFO 2292 --- [gamestock-backend] [           main] c.g.backend.GameStockBackendApplication  : Starting GameStockBackendApplication using Java 17.0.20.1 with PID 2292 (C:\Users\wizju\Desktop\학교 수업\3학년\2학기\GameStock\backend\target\classes started by wizju in C:\Users\wizju\Desktop\학교 수업\3학년\2학기\GameStock\backend)
2026-09-08T01:41:37.777+09:00  INFO 2292 --- [gamestock-backend] [           main] c.g.backend.GameStockBackendApplication  : No active profile set, falling back to 1 default profile: "default"
2026-09-08T01:41:38.564+09:00  INFO 2292 --- [gamestock-backend] [           main] o.s.b.w.embedded.tomcat.TomcatWebServer  : Tomcat initialized with port 8081 (http)
2026-09-08T01:41:38.583+09:00  INFO 2292 --- [gamestock-backend] [           main] o.apache.catalina.core.StandardService   : Starting service [Tomcat]
2026-09-08T01:41:38.583+09:00  INFO 2292 --- [gamestock-backend] [           main] o.apache.catalina.core.StandardEngine    : Starting Servlet engine: [Apache Tomcat/10.1.55]
2026-09-08T01:41:38.621+09:00  INFO 2292 --- [gamestock-backend] [           main] o.a.c.c.C.[Tomcat].[localhost].[/]       : Initializing Spring embedded WebApplicationContext
2026-09-08T01:41:38.621+09:00  INFO 2292 --- [gamestock-backend] [           main] w.s.c.ServletWebServerApplicationContext : Root WebApplicationContext: initialization completed in 806 ms
2026-09-08T01:41:38.710+09:00  INFO 2292 --- [gamestock-backend] [           main] com.zaxxer.hikari.HikariDataSource       : HikariPool-1 - Starting...
2026-09-08T01:41:38.904+09:00  INFO 2292 --- [gamestock-backend] [           main] com.zaxxer.hikari.pool.HikariPool        : HikariPool-1 - Added connection com.mysql.cj.jdbc.ConnectionImpl@1283ca23
2026-09-08T01:41:38.921+09:00  INFO 2292 --- [gamestock-backend] [           main] com.zaxxer.hikari.HikariDataSource       : HikariPool-1 - Start completed.
2026-09-08T01:41:39.271+09:00  INFO 2292 --- [gamestock-backend] [           main] o.s.b.w.embedded.tomcat.TomcatWebServer  : Tomcat started on port 8081 (http) with context path '/'
2026-09-08T01:41:39.271+09:00  INFO 2292 --- [gamestock-backend] [           main] c.g.backend.GameStockBackendApplication  : Started GameStockBackendApplication in 1.856 seconds (process running for 2.081)
2026-09-08T01:41:39.271+09:00  INFO 2292 --- [gamestock-backend] [           main] c.g.backend.market.NewsFeedService       : 뉴스 피드 3개 수집 시작
2026-09-08T01:41:40.518+09:00  INFO 2292 --- [gamestock-backend] [           main] c.g.backend.market.NewsFeedService       : 뉴스 피드 조회 완료: 종목=UMA, 제목 10개
2026-09-08T01:41:41.098+09:00  INFO 2292 --- [gamestock-backend] [           main] c.g.backend.market.NewsFeedService       : 뉴스 피드 조회 완료: 종목=BA, 제목 10개
2026-09-08T01:41:41.718+09:00  INFO 2292 --- [gamestock-backend] [           main] c.g.backend.market.NewsFeedService       : 뉴스 피드 조회 완료: 종목=GOV, 제목 10개
2026-09-08T01:41:45.936+09:00  INFO 2292 --- [gamestock-backend] [nio-8081-exec-1] o.a.c.c.C.[Tomcat].[localhost].[/]       : Initializing Spring DispatcherServlet 'dispatcherServlet'
2026-09-08T01:41:45.947+09:00  INFO 2292 --- [gamestock-backend] [nio-8081-exec-1] o.s.web.servlet.DispatcherServlet        : Initializing Servlet 'dispatcherServlet'
2026-09-08T01:41:45.948+09:00  INFO 2292 --- [gamestock-backend] [nio-8081-exec-1] o.s.web.servlet.DispatcherServlet        : Completed initialization in 1 ms
2026-09-08T01:42:09.306+09:00  INFO 2292 --- [gamestock-backend] [   scheduling-1] c.g.backend.market.NewsFeedService       : 뉴스 피드 3개 수집 시작
2026-09-08T01:42:09.415+09:00  INFO 2292 --- [gamestock-backend] [   scheduling-1] c.g.backend.market.NewsFeedService       : 뉴스 피드 조회 완료: 종목=UMA, 제목 10개
2026-09-08T01:42:09.533+09:00  INFO 2292 --- [gamestock-backend] [   scheduling-1] c.g.backend.market.NewsFeedService       : 뉴스 피드 조회 완료: 종목=BA, 제목 10개
2026-09-08T01:42:09.611+09:00  INFO 2292 --- [gamestock-backend] [   scheduling-1] c.g.backend.market.NewsFeedService       : 뉴스 피드 조회 완료: 종목=GOV, 제목 10개
