[INFO] Scanning for projects...
[INFO] 
[INFO] ------------------< com.gamestock:gamestock-backend >-------------------
[INFO] Building GameStock Backend 0.1.0
[INFO]   from pom.xml
[INFO] --------------------------------[ jar ]---------------------------------
[INFO] 
[INFO] >>> spring-boot:3.5.16:run (default-cli) > test-compile @ gamestock-backend >>>
[INFO] 
[INFO] --- resources:3.3.1:resources (default-resources) @ gamestock-backend ---
[INFO] Copying 1 resource from src\main\resources to target\classes
[INFO] Copying 0 resource from src\main\resources to target\classes
[INFO] 
[INFO] --- compiler:3.14.1:compile (default-compile) @ gamestock-backend ---
[INFO] Nothing to compile - all classes are up to date.
[INFO] 
[INFO] --- resources:3.3.1:testResources (default-testResources) @ gamestock-backend ---
[INFO] Not copying test resources
[INFO] 
[INFO] --- compiler:3.14.1:testCompile (default-testCompile) @ gamestock-backend ---
[INFO] Not compiling test sources
[INFO] 
[INFO] <<< spring-boot:3.5.16:run (default-cli) < test-compile @ gamestock-backend <<<
[INFO] 
[INFO] 
[INFO] --- spring-boot:3.5.16:run (default-cli) @ gamestock-backend ---
[INFO] Attaching agents: []
Standard Commons Logging discovery in action with spring-jcl: please remove commons-logging.jar from classpath in order to avoid potential conflicts

  .   ____          _            __ _ _
 /\\ / ___'_ __ _ _(_)_ __  __ _ \ \ \ \
( ( )\___ | '_ | '_| | '_ \/ _` | \ \ \ \
 \\/  ___)| |_)| | | | | || (_| |  ) ) ) )
  '  |____| .__|_| |_|_| |_\__, | / / / /
 =========|_|==============|___/=/_/_/_/

 :: Spring Boot ::               (v3.5.16)

2026-09-17T12:19:35.089+09:00  INFO 29896 --- [gamestock-backend] [           main] c.g.backend.GameStockBackendApplication  : Starting GameStockBackendApplication using Java 17.0.20.1 with PID 29896 (C:\Users\wizju\Desktop\학교 수업\3학년\2학기\GameStock\backend\target\classes started by wizju in C:\Users\wizju\Desktop\학교 수업\3학년\2학기\GameStock\backend)
2026-09-17T12:19:35.093+09:00  INFO 29896 --- [gamestock-backend] [           main] c.g.backend.GameStockBackendApplication  : No active profile set, falling back to 1 default profile: "default"
2026-09-17T12:19:36.200+09:00  INFO 29896 --- [gamestock-backend] [           main] o.s.b.w.embedded.tomcat.TomcatWebServer  : Tomcat initialized with port 8081 (http)
2026-09-17T12:19:36.216+09:00  INFO 29896 --- [gamestock-backend] [           main] o.apache.catalina.core.StandardService   : Starting service [Tomcat]
2026-09-17T12:19:36.230+09:00  INFO 29896 --- [gamestock-backend] [           main] o.apache.catalina.core.StandardEngine    : Starting Servlet engine: [Apache Tomcat/10.1.55]
2026-09-17T12:19:36.303+09:00  INFO 29896 --- [gamestock-backend] [           main] o.a.c.c.C.[Tomcat].[localhost].[/]       : Initializing Spring embedded WebApplicationContext
2026-09-17T12:19:36.303+09:00  INFO 29896 --- [gamestock-backend] [           main] w.s.c.ServletWebServerApplicationContext : Root WebApplicationContext: initialization completed in 1166 ms
Standard Commons Logging discovery in action with spring-jcl: please remove commons-logging.jar from classpath in order to avoid potential conflicts
2026-09-17T12:19:36.798+09:00  INFO 29896 --- [gamestock-backend] [           main] com.zaxxer.hikari.HikariDataSource       : HikariPool-1 - Starting...
2026-09-17T12:19:37.049+09:00  INFO 29896 --- [gamestock-backend] [           main] com.zaxxer.hikari.pool.HikariPool        : HikariPool-1 - Added connection com.mysql.cj.jdbc.ConnectionImpl@550c973e
2026-09-17T12:19:37.049+09:00  INFO 29896 --- [gamestock-backend] [           main] com.zaxxer.hikari.HikariDataSource       : HikariPool-1 - Start completed.
2026-09-17T12:19:38.334+09:00  INFO 29896 --- [gamestock-backend] [           main] o.s.b.w.embedded.tomcat.TomcatWebServer  : Tomcat started on port 8081 (http) with context path '/'
2026-09-17T12:19:38.350+09:00  INFO 29896 --- [gamestock-backend] [           main] c.g.backend.GameStockBackendApplication  : Started GameStockBackendApplication in 3.717 seconds (process running for 4.193)
2026-09-17T12:19:38.350+09:00  INFO 29896 --- [gamestock-backend] [           main] c.g.backend.market.NewsFeedService       : 뉴스 피드 3개 수집 시작
2026-09-17T12:19:38.534+09:00  INFO 29896 --- [gamestock-backend] [nio-8081-exec-1] o.a.c.c.C.[Tomcat].[localhost].[/]       : Initializing Spring DispatcherServlet 'dispatcherServlet'
2026-09-17T12:19:38.534+09:00  INFO 29896 --- [gamestock-backend] [nio-8081-exec-1] o.s.web.servlet.DispatcherServlet        : Initializing Servlet 'dispatcherServlet'
2026-09-17T12:19:38.534+09:00  INFO 29896 --- [gamestock-backend] [nio-8081-exec-1] o.s.web.servlet.DispatcherServlet        : Completed initialization in 0 ms
2026-09-17T12:19:40.163+09:00  INFO 29896 --- [gamestock-backend] [           main] c.g.backend.market.NewsFeedService       : 뉴스 피드 조회 완료: 종목=UMA, 전체 50개 중 관련 47개
2026-09-17T12:19:40.839+09:00  INFO 29896 --- [gamestock-backend] [           main] c.g.backend.market.NewsFeedService       : 뉴스 피드 조회 완료: 종목=BA, 전체 50개 중 관련 18개
2026-09-17T12:19:41.805+09:00  INFO 29896 --- [gamestock-backend] [           main] c.g.backend.market.NewsFeedService       : 뉴스 피드 조회 완료: 종목=GOV, 전체 50개 중 관련 39개
2026-09-17T12:20:08.508+09:00  INFO 29896 --- [gamestock-backend] [   scheduling-1] c.g.backend.market.NewsFeedService       : 뉴스 피드 3개 수집 시작
2026-09-17T12:20:08.875+09:00  INFO 29896 --- [gamestock-backend] [   scheduling-1] c.g.backend.market.NewsFeedService       : 뉴스 피드 조회 완료: 종목=UMA, 전체 50개 중 관련 47개
2026-09-17T12:20:09.190+09:00  INFO 29896 --- [gamestock-backend] [   scheduling-1] c.g.backend.market.NewsFeedService       : 뉴스 피드 조회 완료: 종목=BA, 전체 50개 중 관련 18개
2026-09-17T12:20:09.523+09:00  INFO 29896 --- [gamestock-backend] [   scheduling-1] c.g.backend.market.NewsFeedService       : 뉴스 피드 조회 완료: 종목=GOV, 전체 50개 중 관련 39개
[INFO] ------------------------------------------------------------------------
[INFO] BUILD FAILURE
[INFO] ------------------------------------------------------------------------
[INFO] Total time:  02:23 min
[INFO] Finished at: 2026-09-17T12:21:52+09:00
[INFO] ------------------------------------------------------------------------
[ERROR] Failed to execute goal org.springframework.boot:spring-boot-maven-plugin:3.5.16:run (default-cli) on project gamestock-backend: Process terminated with exit code: -1 -> [Help 1]
[ERROR] 
[ERROR] To see the full stack trace of the errors, re-run Maven with the -e switch.
[ERROR] Re-run Maven using the -X switch to enable full debug logging.
[ERROR] 
[ERROR] For more information about the errors and possible solutions, please read the following articles:
[ERROR] [Help 1] http://cwiki.apache.org/confluence/display/MAVEN/MojoExecutionException
