[INFO] Scanning for projects...
[INFO] 
[INFO] ------------------< com.gamestock:gamestock-backend >-------------------
[INFO] Building GameStock Backend 0.1.0
[INFO]   from pom.xml
[INFO] --------------------------------[ jar ]---------------------------------
[INFO] 
[INFO] >>> spring-boot:3.5.16:run (default-cli) > test-compile @ gamestock-backend >>>
[INFO] 
[INFO] --- resources:3.3.1:resources (default-resources) @ gamestock-backend ---
[INFO] Copying 1 resource from src\main\resources to target\classes
[INFO] Copying 0 resource from src\main\resources to target\classes
[INFO] 
[INFO] --- compiler:3.14.1:compile (default-compile) @ gamestock-backend ---
[INFO] Nothing to compile - all classes are up to date.
[INFO] 
[INFO] --- resources:3.3.1:testResources (default-testResources) @ gamestock-backend ---
[INFO] Not copying test resources
[INFO] 
[INFO] --- compiler:3.14.1:testCompile (default-testCompile) @ gamestock-backend ---
[INFO] Not compiling test sources
[INFO] 
[INFO] <<< spring-boot:3.5.16:run (default-cli) < test-compile @ gamestock-backend <<<
[INFO] 
[INFO] 
[INFO] --- spring-boot:3.5.16:run (default-cli) @ gamestock-backend ---
[INFO] Attaching agents: []
Standard Commons Logging discovery in action with spring-jcl: please remove commons-logging.jar from classpath in order to avoid potential conflicts

  .   ____          _            __ _ _
 /\\ / ___'_ __ _ _(_)_ __  __ _ \ \ \ \
( ( )\___ | '_ | '_| | '_ \/ _` | \ \ \ \
 \\/  ___)| |_)| | | | | || (_| |  ) ) ) )
  '  |____| .__|_| |_|_| |_\__, | / / / /
 =========|_|==============|___/=/_/_/_/

 :: Spring Boot ::               (v3.5.16)

2026-09-17T01:59:03.549+09:00  INFO 40284 --- [gamestock-backend] [           main] c.g.backend.GameStockBackendApplication  : Starting GameStockBackendApplication using Java 17.0.20.1 with PID 40284 (C:\Users\wizju\Desktop\학교 수업\3학년\2학기\GameStock\backend\target\classes started by wizju in C:\Users\wizju\Desktop\학교 수업\3학년\2학기\GameStock\backend)
2026-09-17T01:59:03.551+09:00  INFO 40284 --- [gamestock-backend] [           main] c.g.backend.GameStockBackendApplication  : No active profile set, falling back to 1 default profile: "default"
2026-09-17T01:59:04.488+09:00  INFO 40284 --- [gamestock-backend] [           main] o.s.b.w.embedded.tomcat.TomcatWebServer  : Tomcat initialized with port 8081 (http)
2026-09-17T01:59:04.506+09:00  INFO 40284 --- [gamestock-backend] [           main] o.apache.catalina.core.StandardService   : Starting service [Tomcat]
2026-09-17T01:59:04.506+09:00  INFO 40284 --- [gamestock-backend] [           main] o.apache.catalina.core.StandardEngine    : Starting Servlet engine: [Apache Tomcat/10.1.55]
2026-09-17T01:59:04.581+09:00  INFO 40284 --- [gamestock-backend] [           main] o.a.c.c.C.[Tomcat].[localhost].[/]       : Initializing Spring embedded WebApplicationContext
2026-09-17T01:59:04.581+09:00  INFO 40284 --- [gamestock-backend] [           main] w.s.c.ServletWebServerApplicationContext : Root WebApplicationContext: initialization completed in 1000 ms
Standard Commons Logging discovery in action with spring-jcl: please remove commons-logging.jar from classpath in order to avoid potential conflicts
2026-09-17T01:59:05.014+09:00  INFO 40284 --- [gamestock-backend] [           main] com.zaxxer.hikari.HikariDataSource       : HikariPool-1 - Starting...
2026-09-17T01:59:05.261+09:00  INFO 40284 --- [gamestock-backend] [           main] com.zaxxer.hikari.pool.HikariPool        : HikariPool-1 - Added connection com.mysql.cj.jdbc.ConnectionImpl@3afca2c
2026-09-17T01:59:05.263+09:00  INFO 40284 --- [gamestock-backend] [           main] com.zaxxer.hikari.HikariDataSource       : HikariPool-1 - Start completed.
2026-09-17T01:59:05.999+09:00  INFO 40284 --- [gamestock-backend] [           main] o.s.b.w.embedded.tomcat.TomcatWebServer  : Tomcat started on port 8081 (http) with context path '/'
2026-09-17T01:59:06.014+09:00  INFO 40284 --- [gamestock-backend] [           main] c.g.backend.GameStockBackendApplication  : Started GameStockBackendApplication in 2.917 seconds (process running for 3.347)
2026-09-17T01:59:06.017+09:00  INFO 40284 --- [gamestock-backend] [           main] c.g.backend.market.NewsFeedService       : 뉴스 피드 3개 수집 시작
2026-09-17T01:59:06.078+09:00  INFO 40284 --- [gamestock-backend] [nio-8081-exec-1] o.a.c.c.C.[Tomcat].[localhost].[/]       : Initializing Spring DispatcherServlet 'dispatcherServlet'
2026-09-17T01:59:06.078+09:00  INFO 40284 --- [gamestock-backend] [nio-8081-exec-1] o.s.web.servlet.DispatcherServlet        : Initializing Servlet 'dispatcherServlet'
2026-09-17T01:59:06.078+09:00  INFO 40284 --- [gamestock-backend] [nio-8081-exec-1] o.s.web.servlet.DispatcherServlet        : Completed initialization in 0 ms
2026-09-17T01:59:07.147+09:00  INFO 40284 --- [gamestock-backend] [           main] c.g.backend.market.NewsFeedService       : 뉴스 피드 조회 완료: 종목=UMA, 전체 50개 중 관련 47개
2026-09-17T01:59:07.953+09:00  INFO 40284 --- [gamestock-backend] [           main] c.g.backend.market.NewsFeedService       : 뉴스 피드 조회 완료: 종목=BA, 전체 50개 중 관련 30개
2026-09-17T01:59:08.687+09:00  INFO 40284 --- [gamestock-backend] [           main] c.g.backend.market.NewsFeedService       : 뉴스 피드 조회 완료: 종목=GOV, 전체 50개 중 관련 37개
2026-09-17T01:59:36.111+09:00  INFO 40284 --- [gamestock-backend] [   scheduling-1] c.g.backend.market.NewsFeedService       : 뉴스 피드 3개 수집 시작
2026-09-17T01:59:36.324+09:00  INFO 40284 --- [gamestock-backend] [   scheduling-1] c.g.backend.market.NewsFeedService       : 뉴스 피드 조회 완료: 종목=UMA, 전체 50개 중 관련 47개
2026-09-17T01:59:36.454+09:00  INFO 40284 --- [gamestock-backend] [   scheduling-1] c.g.backend.market.NewsFeedService       : 뉴스 피드 조회 완료: 종목=BA, 전체 50개 중 관련 30개
2026-09-17T01:59:36.573+09:00  INFO 40284 --- [gamestock-backend] [   scheduling-1] c.g.backend.market.NewsFeedService       : 뉴스 피드 조회 완료: 종목=GOV, 전체 50개 중 관련 37개
2026-09-17T02:09:36.575+09:00  INFO 40284 --- [gamestock-backend] [   scheduling-1] c.g.backend.market.NewsFeedService       : 뉴스 피드 3개 수집 시작
2026-09-17T02:09:37.428+09:00  INFO 40284 --- [gamestock-backend] [   scheduling-1] c.g.backend.market.NewsFeedService       : 뉴스 피드 조회 완료: 종목=UMA, 전체 50개 중 관련 48개
2026-09-17T02:09:38.294+09:00  INFO 40284 --- [gamestock-backend] [   scheduling-1] c.g.backend.market.NewsFeedService       : 뉴스 피드 조회 완료: 종목=BA, 전체 50개 중 관련 30개
2026-09-17T02:09:38.908+09:00  INFO 40284 --- [gamestock-backend] [   scheduling-1] c.g.backend.market.NewsFeedService       : 뉴스 피드 조회 완료: 종목=GOV, 전체 50개 중 관련 38개
2026-09-17T02:19:38.926+09:00  INFO 40284 --- [gamestock-backend] [   scheduling-1] c.g.backend.market.NewsFeedService       : 뉴스 피드 3개 수집 시작
2026-09-17T02:19:39.620+09:00  INFO 40284 --- [gamestock-backend] [   scheduling-1] c.g.backend.market.NewsFeedService       : 뉴스 피드 조회 완료: 종목=UMA, 전체 50개 중 관련 48개
2026-09-17T02:19:40.225+09:00  INFO 40284 --- [gamestock-backend] [   scheduling-1] c.g.backend.market.NewsFeedService       : 뉴스 피드 조회 완료: 종목=BA, 전체 50개 중 관련 30개
2026-09-17T02:19:40.740+09:00  INFO 40284 --- [gamestock-backend] [   scheduling-1] c.g.backend.market.NewsFeedService       : 뉴스 피드 조회 완료: 종목=GOV, 전체 50개 중 관련 37개
2026-09-17T02:29:40.743+09:00  INFO 40284 --- [gamestock-backend] [   scheduling-1] c.g.backend.market.NewsFeedService       : 뉴스 피드 3개 수집 시작
2026-09-17T02:29:41.520+09:00  INFO 40284 --- [gamestock-backend] [   scheduling-1] c.g.backend.market.NewsFeedService       : 뉴스 피드 조회 완료: 종목=UMA, 전체 50개 중 관련 47개
2026-09-17T02:29:42.086+09:00  INFO 40284 --- [gamestock-backend] [   scheduling-1] c.g.backend.market.NewsFeedService       : 뉴스 피드 조회 완료: 종목=BA, 전체 50개 중 관련 31개
2026-09-17T02:29:42.639+09:00  INFO 40284 --- [gamestock-backend] [   scheduling-1] c.g.backend.market.NewsFeedService       : 뉴스 피드 조회 완료: 종목=GOV, 전체 50개 중 관련 38개
[INFO] ------------------------------------------------------------------------
[INFO] BUILD FAILURE
[INFO] ------------------------------------------------------------------------
[INFO] Total time:  33:51 min
[INFO] Finished at: 2026-09-17T02:32:49+09:00
[INFO] ------------------------------------------------------------------------
[ERROR] Failed to execute goal org.springframework.boot:spring-boot-maven-plugin:3.5.16:run (default-cli) on project gamestock-backend: Process terminated with exit code: -1 -> [Help 1]
[ERROR] 
[ERROR] To see the full stack trace of the errors, re-run Maven with the -e switch.
[ERROR] Re-run Maven using the -X switch to enable full debug logging.
[ERROR] 
[ERROR] For more information about the errors and possible solutions, please read the following articles:
[ERROR] [Help 1] http://cwiki.apache.org/confluence/display/MAVEN/MojoExecutionException
